// Jest Snapshot v1, https://goo.gl/fbAQLP

exports[`ProductConroller should find product 1`] = `undefined`;

exports[`ProductConroller should list all products 1`] = `undefined`;

exports[`ProductConroller should update product 1`] = `undefined`;
